<html>
<body>
<pre>
<h1>µVision Build Log</h1>
<h2>Project:</h2>
C:\Keil\EE319KwareSpring2015\319k-lab3\Lab3_EE319K\Lab3.uvproj
Project File Date:  02/17/2015

<h2>Output:</h2>
Rebuild target 'Lab3'
assembling Startup.s...
assembling main.s...
linking...
Program Size: Code=2032 RO-data=240 RW-data=48 ZI-data=1080  
".\Lab3.axf" - 0 Error(s), 0 Warning(s).
Load "C:\\Keil\\EE319KwareSpring2015\\319k-lab3\\Lab3_EE319K\\Lab3.axf" 
Connecting: Mode=JTAG, Speed=1000000Hz
Erase Done.
Programming Done.
Verify OK.
</pre>
</body>
</html>
