<html>
<body>
<pre>
<h1>µVision Build Log</h1>
<h2>Project:</h2>
C:\Keil\EE319KwareSpring2015\319k-lab3\Lab2_EE319K\Lab2.uvproj
Project File Date:  02/04/2015

<h2>Output:</h2>
Build target 'Lab2'
assembling main.s...
linking...
Program Size: Code=852 RO-data=0 RW-data=0 ZI-data=1024  
".\Lab2.axf" - 0 Error(s), 0 Warning(s).
</pre>
</body>
</html>
\Lab2_EE319K\\Lab2.axf" 
Connecting: Mode=JTAG, Speed=1000000Hz
Erase Done.
Programming Done.
Verify OK.
ror code=&d
Error: Flash Download failed  -  Target DLL has been cancelled
